// Jest Snapshot v1, https://goo.gl/fbAQLP

exports[`Cart should match the snapshot 1`] = `
<div>
  <div
    class="mb-[32px]"
  >
    <div
      class="mb-[24px]"
    >
      <p
        class="className text-3xl font-semibold mb-[8px]"
        style="color: rgb(35, 35, 33);"
      >
        Saving to celebrate
      </p>
      <p
        class="className text-sm font-semibold mb-[8px]"
        style="color: rgb(35, 35, 33);"
      >
        Enjoy up to 60% off thousands of styles during the End of Year sale - while suppiles last. No code needed.
      </p>
      <p
        class="className text-base font-semibold mb-[8px]"
        style="color: rgb(35, 35, 33);"
      >
        <a
          class="underline"
          href="/"
        >
          Join us
        </a>
         
        or
         
        <a
          class="underline"
          href="/"
        >
          Sign-in
        </a>
      </p>
    </div>
    <div
      class="flex flex-col lg:flex-row gap-8"
    >
      <div
        class="w-full lg:w-3/5"
      >
        <div
          class="border rounded-[16px] bg-[#FAFAFA] p-4 lg:p-6"
        >
          <div
            class="mb-[32px]"
          >
            <div
              class="flex justify-center items-center"
            >
              <p
                class="className text-xl lg:text-3xl font-semibold mb-[8px]"
                style="color: rgb(35, 35, 33);"
              >
                Your Bag is Empty!!!!!
              </p>
            </div>
          </div>
          <div />
        </div>
      </div>
      <div
        class="border rounded-[16px] bg-[#FAFAFA] lg:flex-grow p-6 lg:border-none lg:rounded-none lg:bg-transparent"
      >
        <div>
          <p
            class="className text-xl lg:text-2xl font-semibold mb-[16px] lg:mb-[24px]"
            style="color: rgb(35, 35, 33);"
          >
            Order Summary
          </p>
          <div
            class="flex justify-between mb-[16px]"
          >
            <p
              class="className text-base lg:text-lg font-semibold"
              style="color: rgb(35, 35, 33);"
            >
              SubTotal
            </p>
            <p
              class="className text-base lg:text-lg font-semibold"
              style="color: rgb(35, 35, 33);"
            >
              0
            </p>
          </div>
          <div
            class="flex justify-between mb-[16px]"
          >
            <p
              class="className text-base lg:text-lg font-semibold"
              style="color: rgb(35, 35, 33);"
            >
              Estimated Tax
            </p>
            <p
              class="className text-base lg:text-lg font-semibold"
              style="color: rgb(35, 35, 33);"
            >
              -
            </p>
          </div>
          <div
            class="flex justify-between mb-[16px] lg:mb-[24px]"
          >
            <p
              class="className text-lg lg:text-xl font-semibold"
              style="color: rgb(35, 35, 33);"
            >
              Total
            </p>
            <p
              class="className text-lg lg:text-xl font-semibold"
              style="color: rgb(35, 35, 33);"
            >
              0
            </p>
          </div>
        </div>
      </div>
    </div>
  </div>
</div>
`;
